{
  "Outputs": {
    "provisioningcredentialssecretid": {
      "Description": "AWS Secrets Manager secret id for provisioning credentials.",
      "Value": "dev/cms-provisioning-on-aws-stack-dev/provisioning-credentials"
    }
  },
  "Parameters": {
    "deleteprovisioningcertificatelambdaarnParameter": {
      "Default": "/dev/cms-provisioning-on-aws-stack-dev/arns/custom-resource-lambda-arn",
      "Type": "AWS::SSM::Parameter::Value<String>"
    },
    "loadorcreateiotcredentialslambdaarnParameter": {
      "Default": "/dev/cms-provisioning-on-aws-stack-dev/arns/custom-resource-lambda-arn",
      "Type": "AWS::SSM::Parameter::Value<String>"
    },
    "preprovisioninglambdaarnvalueParameter": {
      "Default": "/dev/cms-provisioning-on-aws-stack-dev/arns/pre-provisioning-lambda-arn",
      "Type": "AWS::SSM::Parameter::Value<String>"
    },
    "rotatesecretlambdaarnvalueParameter": {
      "Default": "/dev/cms-provisioning-on-aws-stack-dev/arns/rotate-secret-lambda-arn",
      "Type": "AWS::SSM::Parameter::Value<String>"
    },
    "updateeventconfigurationslambdaarnParameter": {
      "Default": "/dev/cms-provisioning-on-aws-stack-dev/arns/custom-resource-lambda-arn",
      "Type": "AWS::SSM::Parameter::Value<String>"
    }
  },
  "Resources": {
    "claimcertificateprovisioningpolicy": {
      "Properties": {
        "PolicyDocument": {
          "Statement": [
            {
              "Action": "iot:Connect",
              "Effect": "Allow",
              "Resource": "*"
            },
            {
              "Action": [
                "iot:Publish",
                "iot:Receive"
              ],
              "Effect": "Allow",
              "Resource": [
                {
                  "Fn::Join": [
                    "",
                    [
                      "arn:",
                      {
                        "Ref": "AWS::Partition"
                      },
                      ":iot:",
                      {
                        "Ref": "AWS::Region"
                      },
                      ":",
                      {
                        "Ref": "AWS::AccountId"
                      },
                      ":topic/$aws/certificates/create/*"
                    ]
                  ]
                },
                {
                  "Fn::Join": [
                    "",
                    [
                      "arn:",
                      {
                        "Ref": "AWS::Partition"
                      },
                      ":iot:",
                      {
                        "Ref": "AWS::Region"
                      },
                      ":",
                      {
                        "Ref": "AWS::AccountId"
                      },
                      ":topic/$aws/provisioning-templates/cms-vehicle-provisioning-template/provision/*"
                    ]
                  ]
                }
              ]
            },
            {
              "Action": "iot:Subscribe",
              "Effect": "Allow",
              "Resource": [
                {
                  "Fn::Join": [
                    "",
                    [
                      "arn:",
                      {
                        "Ref": "AWS::Partition"
                      },
                      ":iot:",
                      {
                        "Ref": "AWS::Region"
                      },
                      ":",
                      {
                        "Ref": "AWS::AccountId"
                      },
                      ":topicfilter/$aws/certificates/create/*"
                    ]
                  ]
                },
                {
                  "Fn::Join": [
                    "",
                    [
                      "arn:",
                      {
                        "Ref": "AWS::Partition"
                      },
                      ":iot:",
                      {
                        "Ref": "AWS::Region"
                      },
                      ":",
                      {
                        "Ref": "AWS::AccountId"
                      },
                      ":topicfilter/$aws/provisioning-templates/cms-vehicle-provisioning-template/provision/*"
                    ]
                  ]
                }
              ]
            }
          ],
          "Version": "2012-10-17"
        },
        "PolicyName": "claim-certificate-provisioning-policy"
      },
      "Type": "AWS::IoT::Policy"
    },
    "claimcertificateprovisioningpolicyprincipalattachment": {
      "Properties": {
        "PolicyName": "claim-certificate-provisioning-policy",
        "Principal": {
          "Fn::GetAtt": [
            "provisioningclaimcertificate",
            "Arn"
          ]
        }
      },
      "Type": "AWS::IoT::PolicyPrincipalAttachment"
    },
    "deleteprovisioningcertificate": {
      "DeletionPolicy": "Delete",
      "Properties": {
        "IoTPolicyName": "claim-certificate-provisioning-policy",
        "Resource": "DeleteProvisioningCertificate",
        "ServiceToken": {
          "Ref": "deleteprovisioningcertificatelambdaarnParameter"
        }
      },
      "Type": "Custom::DeleteProvisioningCertificate",
      "UpdateReplacePolicy": "Delete"
    },
    "fleetprovisioningtemplate": {
      "Properties": {
        "Description": "Template used to provision new vehicle",
        "Enabled": true,
        "PreProvisioningHook": {
          "TargetArn": {
            "Ref": "preprovisioninglambdaarnvalueParameter"
          }
        },
        "ProvisioningRoleArn": {
          "Fn::GetAtt": [
            "iotcoreprovisioningrole53AFD97F",
            "Arn"
          ]
        },
        "TemplateBody": {
          "Fn::Join": [
            "",
            [
              "{\"Parameters\": {\"AWS::IoT::Certificate::Id\": {\"Type\": \"String\"}, \"vin\": {\"Type\": \"String\"}}, \"Mappings\": {}, \"Resources\": {\"thing\": {\"Type\": \"AWS::IoT::Thing\", \"Properties\": {\"ThingName\": {\"Fn::Join\": [\"\", [\"Vehicle_\", {\"Ref\": \"vin\"}]]}, \"AttributePayload\": {\"vin\": {\"Ref\": \"vin\"}, \"certificate_id\": {\"Ref\": \"AWS::IoT::Certificate::Id\"}, \"provisioned_by_template\": \"cms-vehicle-provisioning-template\"}}, \"OverrideSettings\": {\"AttributePayload\": \"MERGE\", \"ThingTypeName\": \"REPLACE\", \"ThingGroups\": \"DO_NOTHING\"}}, \"certificate\": {\"Type\": \"AWS::IoT::Certificate\", \"Properties\": {\"CertificateId\": {\"Ref\": \"AWS::IoT::Certificate::Id\"}, \"Status\": \"Active\"}, \"OverrideSettings\": {\"Status\": \"REPLACE\"}}, \"policy\": {\"Type\": \"AWS::IoT::Policy\", \"Properties\": {\"PolicyDocument\": {\"Version\": \"2012-10-17\", \"Statement\": [{\"Effect\": \"Allow\", \"Action\": [\"iot:Subscribe\", \"iot:Receive\"], \"Resource\": \"arn:aws:iot:",
              {
                "Ref": "AWS::Region"
              },
              ":",
              {
                "Ref": "AWS::AccountId"
              },
              ":*\"}, {\"Effect\": \"Allow\", \"Action\": \"iot:Publish\", \"Resource\": [\"arn:aws:iot:",
              {
                "Ref": "AWS::Region"
              },
              ":",
              {
                "Ref": "AWS::AccountId"
              },
              ":topic/vehicle/*\", \"arn:aws:iot:",
              {
                "Ref": "AWS::Region"
              },
              ":",
              {
                "Ref": "AWS::AccountId"
              },
              ":topic/vehicleactive/*\"]}, {\"Effect\": \"Allow\", \"Action\": \"iot:Connect\", \"Resource\": \"arn:aws:iot:",
              {
                "Ref": "AWS::Region"
              },
              ":",
              {
                "Ref": "AWS::AccountId"
              },
              ":client/${iot:Connection.Thing.ThingName}\"}]}}}}, \"DeviceConfiguration\": {}}"
            ]
          ]
        },
        "TemplateName": "cms-vehicle-provisioning-template"
      },
      "Type": "AWS::IoT::ProvisioningTemplate"
    },
    "iotcoreprovisioningrole53AFD97F": {
      "Properties": {
        "AssumeRolePolicyDocument": {
          "Statement": [
            {
              "Action": "sts:AssumeRole",
              "Effect": "Allow",
              "Principal": {
                "Service": "iot.amazonaws.com"
              }
            }
          ],
          "Version": "2012-10-17"
        },
        "Policies": [
          {
            "PolicyDocument": {
              "Statement": [
                {
                  "Action": [
                    "iot:RegisterThing",
                    "iot:CreatePolicy"
                  ],
                  "Effect": "Allow",
                  "Resource": "*"
                },
                {
                  "Action": [
                    "iot:AttachPrincipalPolicy",
                    "iot:AttachThingPrincipal",
                    "iot:DescribeCertificate",
                    "iot:UpdateCertificate"
                  ],
                  "Effect": "Allow",
                  "Resource": {
                    "Fn::Join": [
                      "",
                      [
                        "arn:",
                        {
                          "Ref": "AWS::Partition"
                        },
                        ":iot:",
                        {
                          "Ref": "AWS::Region"
                        },
                        ":",
                        {
                          "Ref": "AWS::AccountId"
                        },
                        ":cert/*"
                      ]
                    ]
                  }
                },
                {
                  "Action": [
                    "iot:CreateThing",
                    "iot:DescribeThing",
                    "iot:ListThingGroupsForThing",
                    "iot:UpdateThing"
                  ],
                  "Effect": "Allow",
                  "Resource": {
                    "Fn::Join": [
                      "",
                      [
                        "arn:",
                        {
                          "Ref": "AWS::Partition"
                        },
                        ":iot:",
                        {
                          "Ref": "AWS::Region"
                        },
                        ":",
                        {
                          "Ref": "AWS::AccountId"
                        },
                        ":thing/*"
                      ]
                    ]
                  }
                }
              ],
              "Version": "2012-10-17"
            },
            "PolicyName": "provisioning-template-policy"
          }
        ]
      },
      "Type": "AWS::IAM::Role"
    },
    "loadorcreateiotcredentials": {
      "DeletionPolicy": "Delete",
      "Properties": {
        "IoTCredentialsSecretId": "dev/cms-provisioning-on-aws-stack-dev/provisioning-credentials",
        "Resource": "LoadOrCreateIoTCredentials",
        "RotateSecretLambdaARN": {
          "Ref": "rotatesecretlambdaarnvalueParameter"
        },
        "ServiceToken": {
          "Ref": "loadorcreateiotcredentialslambdaarnParameter"
        }
      },
      "Type": "Custom::LoadOrCreateIoTCredentials",
      "UpdateReplacePolicy": "Delete"
    },
    "provisioningclaimcertificate": {
      "Properties": {
        "CertificateMode": "SNI_ONLY",
        "CertificatePem": {
          "Fn::GetAtt": [
            "loadorcreateiotcredentials",
            "CERTIFICATE_PEM"
          ]
        },
        "Status": "ACTIVE"
      },
      "Type": "AWS::IoT::Certificate"
    },
    "updateeventconfigurations": {
      "DeletionPolicy": "Delete",
      "Properties": {
        "Resource": "UpdateEventConfigurations",
        "ServiceToken": {
          "Ref": "updateeventconfigurationslambdaarnParameter"
        }
      },
      "Type": "Custom::UpdateEventConfigurations",
      "UpdateReplacePolicy": "Delete"
    }
  }
}
