{
  "Parameters": {
    "BootstrapVersion": {
      "Default": "/cdk-bootstrap/hnb659fds/version",
      "Description": "Version of the CDK Bootstrap resources in this environment, automatically retrieved from SSM Parameter Store. [cdk:skip]",
      "Type": "AWS::SSM::Parameter::Value<String>"
    },
    "deploymentuuidParameter": {
      "Default": "/dev/cms/common/config/deployment-uuid",
      "Type": "AWS::SSM::Parameter::Value<String>"
    }
  },
  "Resources": {
    "appregistryapplicationstackassociation": {
      "Properties": {
        "Application": {
          "Fn::GetAtt": [
            "cmsprovisioningcmsprovisioningappregistryappregistryapplication5428CF0D",
            "Id"
          ]
        },
        "Resource": {
          "Ref": "AWS::StackId"
        },
        "ResourceType": "CFN_STACK"
      },
      "Type": "AWS::ServiceCatalogAppRegistry::ResourceAssociation"
    },
    "cmsprovisioningauxiliarylambdasstackNestedStackauxiliarylambdasstackNestedStackResourceC6586CDF": {
      "DeletionPolicy": "Delete",
      "DependsOn": [
        "cmsprovisioningcommondependenciesstackNestedStackcommondependenciesstackNestedStackResource0A1F4D47",
        "cmsprovisioningprovisioninglambdasstackNestedStackprovisioninglambdasstackNestedStackResource1F6710A6"
      ],
      "Properties": {
        "Parameters": {
          "referencetocmsprovisioningonawsdeploymentuuidParameter8C13D944Ref": {
            "Ref": "deploymentuuidParameter"
          }
        },
        "Tags": [
          {
            "Key": "Solutions:DeploymentUUID",
            "Value": {
              "Ref": "deploymentuuidParameter"
            }
          }
        ],
        "TemplateURL": {
          "Fn::Join": "list"
        }
      },
      "Type": "AWS::CloudFormation::Stack",
      "UpdateReplacePolicy": "Delete"
    },
    "cmsprovisioningcmsprovisioningappregistryappregistryapplication5428CF0D": {
      "Properties": {
        "Name": {
          "Fn::Join": [
            "",
            [
              "cms-provisioning-on-aws-stack-dev-",
              {
                "Ref": "AWS::Region"
              },
              "-",
              {
                "Ref": "AWS::AccountId"
              }
            ]
          ]
        },
        "Tags": {
          "Solutions:DeploymentUUID": {
            "Ref": "deploymentuuidParameter"
          }
        }
      },
      "Type": "AWS::ServiceCatalogAppRegistry::Application"
    },
    "cmsprovisioningcmsprovisioningappregistryappregistryapplicationattributeassociation0F75C2D8": {
      "Properties": {
        "Application": {
          "Fn::GetAtt": [
            "cmsprovisioningcmsprovisioningappregistryappregistryapplication5428CF0D",
            "Id"
          ]
        },
        "AttributeGroup": {
          "Fn::GetAtt": [
            "cmsprovisioningcmsprovisioningappregistrydefaultapplicationattributes2DD78ABA",
            "Id"
          ]
        }
      },
      "Type": "AWS::ServiceCatalogAppRegistry::AttributeGroupAssociation"
    },
    "cmsprovisioningcmsprovisioningappregistrydefaultapplicationattributes2DD78ABA": {
      "Properties": {
        "Attributes": {
          "ApplicationType": "AWS-Solutions",
          "SolutionID": "SO0241",
          "SolutionName": "Connected Mobility Solution on AWS",
          "Version": "v1.0.0"
        },
        "Description": "Attribute group for solution information",
        "Name": {
          "Fn::Join": [
            "",
            [
              "cms-provisioning-on-aws-stack-dev-",
              {
                "Ref": "AWS::Region"
              },
              "-",
              {
                "Ref": "AWS::AccountId"
              }
            ]
          ]
        },
        "Tags": {
          "Solutions:DeploymentUUID": {
            "Ref": "deploymentuuidParameter"
          }
        }
      },
      "Type": "AWS::ServiceCatalogAppRegistry::AttributeGroup"
    },
    "cmsprovisioningcommondependenciesstackNestedStackcommondependenciesstackNestedStackResource0A1F4D47": {
      "DeletionPolicy": "Delete",
      "Properties": {
        "Parameters": {
          "referencetocmsprovisioningonawsdeploymentuuidParameter8C13D944Ref": {
            "Ref": "deploymentuuidParameter"
          }
        },
        "Tags": [
          {
            "Key": "Solutions:DeploymentUUID",
            "Value": {
              "Ref": "deploymentuuidParameter"
            }
          }
        ],
        "TemplateURL": {
          "Fn::Join": "list"
        }
      },
      "Type": "AWS::CloudFormation::Stack",
      "UpdateReplacePolicy": "Delete"
    },
    "cmsprovisioningiotclaimprovisioningstackNestedStackiotclaimprovisioningstackNestedStackResource1B07394B": {
      "DeletionPolicy": "Delete",
      "DependsOn": [
        "cmsprovisioningauxiliarylambdasstackNestedStackauxiliarylambdasstackNestedStackResourceC6586CDF",
        "cmsprovisioningprovisioninglambdasstackNestedStackprovisioninglambdasstackNestedStackResource1F6710A6"
      ],
      "Properties": {
        "Parameters": {
          "referencetocmsprovisioningonawsdeploymentuuidParameter8C13D944Ref": {
            "Ref": "deploymentuuidParameter"
          }
        },
        "Tags": [
          {
            "Key": "Solutions:DeploymentUUID",
            "Value": {
              "Ref": "deploymentuuidParameter"
            }
          }
        ],
        "TemplateURL": {
          "Fn::Join": "list"
        }
      },
      "Type": "AWS::CloudFormation::Stack",
      "UpdateReplacePolicy": "Delete"
    },
    "cmsprovisioningprovisioninglambdasstackNestedStackprovisioninglambdasstackNestedStackResource1F6710A6": {
      "DeletionPolicy": "Delete",
      "DependsOn": [
        "cmsprovisioningcommondependenciesstackNestedStackcommondependenciesstackNestedStackResource0A1F4D47"
      ],
      "Properties": {
        "Parameters": {
          "referencetocmsprovisioningonawsdeploymentuuidParameter8C13D944Ref": {
            "Ref": "deploymentuuidParameter"
          }
        },
        "Tags": [
          {
            "Key": "Solutions:DeploymentUUID",
            "Value": {
              "Ref": "deploymentuuidParameter"
            }
          }
        ],
        "TemplateURL": {
          "Fn::Join": "list"
        }
      },
      "Type": "AWS::CloudFormation::Stack",
      "UpdateReplacePolicy": "Delete"
    }
  },
  "Rules": {
    "CheckBootstrapVersion": {
      "Assertions": [
        {
          "Assert": {
            "Fn::Not": [
              {
                "Fn::Contains": [
                  [
                    "1",
                    "2",
                    "3",
                    "4",
                    "5"
                  ],
                  {
                    "Ref": "BootstrapVersion"
                  }
                ]
              }
            ]
          },
          "AssertDescription": "CDK bootstrap stack version 6 required. Please run 'cdk bootstrap' with a recent version of the CDK CLI."
        }
      ]
    }
  }
}
