{
  "AWSTemplateFormatVersion": "2010-09-09",
  "Metadata": {
    "AWS::CloudFormation::Interface": {
      "ParameterGroups": [
        {
          "Label": {
            "default": "Console access"
          },
          "Parameters": [
            "useremail"
          ]
        }
      ],
      "ParameterLabels": {
        "useremail": {
          "default": "* Console Administrator Email"
        }
      }
    }
  },
  "Outputs": {
    "cmsvehiclesimulatorVSConstantsSTAGEBCE407CF": {
      "Description": "Deployment stage",
      "Value": "dev"
    },
    "cmsvehiclesimulatoradminuseremail6DDA4545": {
      "Description": "UserEmail",
      "Value": {
        "Ref": "useremail"
      }
    },
    "cmsvehiclesimulatorcloudfrontdistributionbucketname31F15E41": {
      "Description": "Cloudfront Distribution Bucket Name",
      "Value": {
        "Fn::GetAtt": [
          "cmsvehiclesimulatorcloudfrontstackNestedStackcloudfrontstackNestedStackResource7E2A489E",
          "Outputs.cmsvehiclesimulatoronawscmsvehiclesimulatorcloudfrontstackcloudfrontconstructdistributionS3Bucket78114068Ref"
        ]
      }
    },
    "cmsvehiclesimulatorconsoleclientid58C38C95": {
      "Description": "The console client ID",
      "Value": {
        "Fn::GetAtt": [
          "cmsvehiclesimulatorcognitostackNestedStackcognitostackNestedStackResource9A440528",
          "Outputs.cmsvehiclesimulatoronawscmsvehiclesimulatorcognitostackcognitoconstructuserpoolclient32D8F8FDRef"
        ]
      }
    },
    "cmsvehiclesimulatorconsoleurl30F7C2E4": {
      "Description": "Console URL",
      "Value": {
        "Fn::Join": [
          "",
          [
            "https://",
            {
              "Fn::GetAtt": [
                "cmsvehiclesimulatorcloudfrontstackNestedStackcloudfrontstackNestedStackResource7E2A489E",
                "Outputs.cmsvehiclesimulatoronawscmsvehiclesimulatorcloudfrontstackcloudfrontconstructdistributionCloudFrontDistributionB3E60D90DomainName"
              ]
            }
          ]
        ]
      }
    },
    "cmsvehiclesimulatoridentitypoolidAC132176": {
      "Description": "The ID for the Cognitio Identity Pool",
      "Value": {
        "Fn::GetAtt": [
          "cmsvehiclesimulatorcognitostackNestedStackcognitostackNestedStackResource9A440528",
          "Outputs.cmsvehiclesimulatoronawscmsvehiclesimulatorcognitostackcognitoconstructidentitypool36925503Ref"
        ]
      }
    },
    "cmsvehiclesimulatorrestapiid5D4E8C1B": {
      "Description": "API Gateway API ID",
      "Value": {
        "Fn::GetAtt": [
          "cmsvehiclesimulatorvsapistackNestedStackvsapistackNestedStackResource958A8CD5",
          "Outputs.cmsvehiclesimulatoronawscmsvehiclesimulatorvsapistackvsapichaliceChaliceAppRestAPI172A61B1Ref"
        ]
      }
    },
    "cmsvehiclesimulatoruserpoolid77517E6B": {
      "Description": "User Pool Id",
      "Value": {
        "Fn::GetAtt": [
          "cmsvehiclesimulatorcognitostackNestedStackcognitostackNestedStackResource9A440528",
          "Outputs.cmsvehiclesimulatoronawscmsvehiclesimulatorcognitostackcognitoconstructuserpool1D9D7B8ERef"
        ]
      }
    }
  },
  "Parameters": {
    "BootstrapVersion": {
      "Default": "/cdk-bootstrap/hnb659fds/version",
      "Description": "Version of the CDK Bootstrap resources in this environment, automatically retrieved from SSM Parameter Store. [cdk:skip]",
      "Type": "AWS::SSM::Parameter::Value<String>"
    },
    "deploymentuuidParameter": {
      "Default": "/dev/cms/common/config/deployment-uuid",
      "Type": "AWS::SSM::Parameter::Value<String>"
    },
    "useremail": {
      "AllowedPattern": "^[_A-Za-z0-9-\\+]+(\\.[_A-Za-z0-9-]+)*@[A-Za-z0-9-]+(\\.[A-Za-z0-9]+)*(\\.[A-Za-z]{2,})$",
      "ConstraintDescription": "User E-Mail must be a valid E-Mail address",
      "Description": "The user E-Mail to access the UI",
      "Type": "String"
    }
  },
  "Resources": {
    "appregistryapplicationstackassociation": {
      "Properties": {
        "Application": {
          "Fn::GetAtt": [
            "cmsvehiclesimulatorcmsvehiclesimulatorappregistryappregistryapplication2AB9C058",
            "Id"
          ]
        },
        "Resource": {
          "Ref": "AWS::StackId"
        },
        "ResourceType": "CFN_STACK"
      },
      "Type": "AWS::ServiceCatalogAppRegistry::ResourceAssociation"
    },
    "cmsvehiclesimulatorcloudfrontstackNestedStackcloudfrontstackNestedStackResource7E2A489E": {
      "DeletionPolicy": "Delete",
      "Properties": {
        "Parameters": {
          "referencetocmsvehiclesimulatoronawsdeploymentuuidParameter3842530DRef": {
            "Ref": "deploymentuuidParameter"
          }
        },
        "Tags": [
          {
            "Key": "solution-id",
            "Value": "SO0041"
          },
          {
            "Key": "Solutions:DeploymentUUID",
            "Value": {
              "Ref": "deploymentuuidParameter"
            }
          }
        ],
        "TemplateURL": {
          "Fn::Join": "list"
        }
      },
      "Type": "AWS::CloudFormation::Stack",
      "UpdateReplacePolicy": "Delete"
    },
    "cmsvehiclesimulatorcmsvehiclesimulatorappregistryappregistryapplication2AB9C058": {
      "Properties": {
        "Name": {
          "Fn::Join": [
            "",
            [
              "cms-vehicle-simulator-on-aws-stack-dev-",
              {
                "Ref": "AWS::Region"
              },
              "-",
              {
                "Ref": "AWS::AccountId"
              }
            ]
          ]
        },
        "Tags": {
          "Solutions:DeploymentUUID": {
            "Ref": "deploymentuuidParameter"
          },
          "solution-id": "SO0041"
        }
      },
      "Type": "AWS::ServiceCatalogAppRegistry::Application"
    },
    "cmsvehiclesimulatorcmsvehiclesimulatorappregistryappregistryapplicationattributeassociation16E0E23B": {
      "Properties": {
        "Application": {
          "Fn::GetAtt": [
            "cmsvehiclesimulatorcmsvehiclesimulatorappregistryappregistryapplication2AB9C058",
            "Id"
          ]
        },
        "AttributeGroup": {
          "Fn::GetAtt": [
            "cmsvehiclesimulatorcmsvehiclesimulatorappregistrydefaultapplicationattributes7FBD744A",
            "Id"
          ]
        }
      },
      "Type": "AWS::ServiceCatalogAppRegistry::AttributeGroupAssociation"
    },
    "cmsvehiclesimulatorcmsvehiclesimulatorappregistrydefaultapplicationattributes7FBD744A": {
      "Properties": {
        "Attributes": {
          "ApplicationType": "AWS-Solutions",
          "SolutionID": "SO0241",
          "SolutionName": "Connected Mobility Solution on AWS",
          "Version": "v1.0.0"
        },
        "Description": "Attribute group for solution information",
        "Name": {
          "Fn::Join": [
            "",
            [
              "cms-vehicle-simulator-on-aws-stack-dev-",
              {
                "Ref": "AWS::Region"
              },
              "-",
              {
                "Ref": "AWS::AccountId"
              }
            ]
          ]
        },
        "Tags": {
          "Solutions:DeploymentUUID": {
            "Ref": "deploymentuuidParameter"
          },
          "solution-id": "SO0041"
        }
      },
      "Type": "AWS::ServiceCatalogAppRegistry::AttributeGroup"
    },
    "cmsvehiclesimulatorcognitostackNestedStackcognitostackNestedStackResource9A440528": {
      "DeletionPolicy": "Delete",
      "DependsOn": [
        "cmsvehiclesimulatorcloudfrontstackNestedStackcloudfrontstackNestedStackResource7E2A489E"
      ],
      "Properties": {
        "Parameters": {
          "referencetocmsvehiclesimulatoronawsdeploymentuuidParameter3842530DRef": {
            "Ref": "deploymentuuidParameter"
          }
        },
        "Tags": [
          {
            "Key": "solution-id",
            "Value": "SO0041"
          },
          {
            "Key": "Solutions:DeploymentUUID",
            "Value": {
              "Ref": "deploymentuuidParameter"
            }
          }
        ],
        "TemplateURL": {
          "Fn::Join": "list"
        }
      },
      "Type": "AWS::CloudFormation::Stack",
      "UpdateReplacePolicy": "Delete"
    },
    "cmsvehiclesimulatorconsolestackNestedStackconsolestackNestedStackResource4A7EE133": {
      "DeletionPolicy": "Delete",
      "DependsOn": [
        "cmsvehiclesimulatorcustomresourcesstackNestedStackcustomresourcesstackNestedStackResource0EED2F7E",
        "cmsvehiclesimulatorgeneralstackNestedStackgeneralstackNestedStackResource21732582",
        "cmsvehiclesimulatorsimulatorstackNestedStacksimulatorstackNestedStackResource814B6BE3",
        "cmsvehiclesimulatorvsapistackNestedStackvsapistackNestedStackResource958A8CD5"
      ],
      "Properties": {
        "Parameters": {
          "referencetocmsvehiclesimulatoronawsdeploymentuuidParameter3842530DRef": {
            "Ref": "deploymentuuidParameter"
          }
        },
        "Tags": [
          {
            "Key": "solution-id",
            "Value": "SO0041"
          },
          {
            "Key": "Solutions:DeploymentUUID",
            "Value": {
              "Ref": "deploymentuuidParameter"
            }
          }
        ],
        "TemplateURL": {
          "Fn::Join": "list"
        }
      },
      "Type": "AWS::CloudFormation::Stack",
      "UpdateReplacePolicy": "Delete"
    },
    "cmsvehiclesimulatorcustomresourcesstackNestedStackcustomresourcesstackNestedStackResource0EED2F7E": {
      "DeletionPolicy": "Delete",
      "DependsOn": [
        "cmsvehiclesimulatorcognitostackNestedStackcognitostackNestedStackResource9A440528",
        "cmsvehiclesimulatorgeneralstackNestedStackgeneralstackNestedStackResource21732582"
      ],
      "Properties": {
        "Parameters": {
          "referencetocmsvehiclesimulatoronawsdeploymentuuidParameter3842530DRef": {
            "Ref": "deploymentuuidParameter"
          }
        },
        "Tags": [
          {
            "Key": "solution-id",
            "Value": "SO0041"
          },
          {
            "Key": "Solutions:DeploymentUUID",
            "Value": {
              "Ref": "deploymentuuidParameter"
            }
          }
        ],
        "TemplateURL": {
          "Fn::Join": "list"
        }
      },
      "Type": "AWS::CloudFormation::Stack",
      "UpdateReplacePolicy": "Delete"
    },
    "cmsvehiclesimulatorgeneralstackNestedStackgeneralstackNestedStackResource21732582": {
      "DeletionPolicy": "Delete",
      "Properties": {
        "Parameters": {
          "referencetocmsvehiclesimulatoronawsdeploymentuuidParameter3842530DRef": {
            "Ref": "deploymentuuidParameter"
          },
          "referencetocmsvehiclesimulatoronawsuseremailF76BC969Ref": {
            "Ref": "useremail"
          }
        },
        "Tags": [
          {
            "Key": "solution-id",
            "Value": "SO0041"
          },
          {
            "Key": "Solutions:DeploymentUUID",
            "Value": {
              "Ref": "deploymentuuidParameter"
            }
          }
        ],
        "TemplateURL": {
          "Fn::Join": "list"
        }
      },
      "Type": "AWS::CloudFormation::Stack",
      "UpdateReplacePolicy": "Delete"
    },
    "cmsvehiclesimulatorsimulatorstackNestedStacksimulatorstackNestedStackResource814B6BE3": {
      "DeletionPolicy": "Delete",
      "DependsOn": [
        "cmsvehiclesimulatorcustomresourcesstackNestedStackcustomresourcesstackNestedStackResource0EED2F7E",
        "cmsvehiclesimulatorgeneralstackNestedStackgeneralstackNestedStackResource21732582"
      ],
      "Properties": {
        "Parameters": {
          "referencetocmsvehiclesimulatoronawsdeploymentuuidParameter3842530DRef": {
            "Ref": "deploymentuuidParameter"
          }
        },
        "Tags": [
          {
            "Key": "solution-id",
            "Value": "SO0041"
          },
          {
            "Key": "Solutions:DeploymentUUID",
            "Value": {
              "Ref": "deploymentuuidParameter"
            }
          }
        ],
        "TemplateURL": {
          "Fn::Join": "list"
        }
      },
      "Type": "AWS::CloudFormation::Stack",
      "UpdateReplacePolicy": "Delete"
    },
    "cmsvehiclesimulatorvsapistackNestedStackvsapistackNestedStackResource958A8CD5": {
      "DeletionPolicy": "Delete",
      "DependsOn": [
        "cmsvehiclesimulatorcloudfrontstackNestedStackcloudfrontstackNestedStackResource7E2A489E",
        "cmsvehiclesimulatorgeneralstackNestedStackgeneralstackNestedStackResource21732582",
        "cmsvehiclesimulatorsimulatorstackNestedStacksimulatorstackNestedStackResource814B6BE3"
      ],
      "Properties": {
        "Parameters": {
          "referencetocmsvehiclesimulatoronawsdeploymentuuidParameter3842530DRef": {
            "Ref": "deploymentuuidParameter"
          }
        },
        "Tags": [
          {
            "Key": "solution-id",
            "Value": "SO0041"
          },
          {
            "Key": "Solutions:DeploymentUUID",
            "Value": {
              "Ref": "deploymentuuidParameter"
            }
          }
        ],
        "TemplateURL": {
          "Fn::Join": "list"
        }
      },
      "Type": "AWS::CloudFormation::Stack",
      "UpdateReplacePolicy": "Delete"
    }
  },
  "Rules": {
    "CheckBootstrapVersion": {
      "Assertions": [
        {
          "Assert": {
            "Fn::Not": [
              {
                "Fn::Contains": [
                  [
                    "1",
                    "2",
                    "3",
                    "4",
                    "5"
                  ],
                  {
                    "Ref": "BootstrapVersion"
                  }
                ]
              }
            ]
          },
          "AssertDescription": "CDK bootstrap stack version 6 required. Please run 'cdk bootstrap' with a recent version of the CDK CLI."
        }
      ]
    }
  }
}
