{
  "Outputs": {
    "ExportDefaultadminemail": {
      "Export": {
        "Name": "Default-admin-email"
      },
      "Value": "test@test.com"
    },
    "Exportcmsvehiclesimulatoronawsstackdevsendanonymoususage": {
      "Export": {
        "Name": "cms-vehicle-simulator-on-aws-stack-dev-send-anonymous-usage"
      },
      "Value": "Yes"
    },
    "Exportcmsvehiclesimulatoronawsstackdevsolutionversion": {
      "Export": {
        "Name": "cms-vehicle-simulator-on-aws-stack-dev-solution-version"
      },
      "Value": "VERSION_PLACEHOLDER"
    },
    "Exportcmsvehiclesimulatoronawsstackdevsourcecodebucketname": {
      "Export": {
        "Name": "cms-vehicle-simulator-on-aws-stack-dev-source-code-bucket-name"
      },
      "Value": {
        "Fn::Join": [
          "-",
          [
            "BUCKET_NAME_PLACEHOLDER",
            {
              "Ref": "AWS::Region"
            }
          ]
        ]
      }
    },
    "Exportcmsvehiclesimulatoronawsstackdevsourcecodeprefix": {
      "Export": {
        "Name": "cms-vehicle-simulator-on-aws-stack-dev-source-code-prefix"
      },
      "Value": "SOLUTION_NAME_PLACEHOLDER/VERSION_PLACEHOLDER"
    }
  },
  "Resources": {
    "Nonedev3B70F696": {
      "Properties": {
        "CompatibleArchitectures": [
          "x86_64",
          "arm64"
        ],
        "CompatibleRuntimes": [
          "python3.8",
          "python3.9",
          "python3.10"
        ],
        "Content": {
          "S3Bucket": {
            "Fn::Sub": "cdk-hnb659fds-assets-${AWS::AccountId}-${AWS::Region}"
          },
          "S3Key": "str"
        }
      },
      "Type": "AWS::Lambda::LayerVersion"
    },
    "configurationssmsolutionid2BCE0294": {
      "Properties": {
        "Description": "ID for this solution",
        "Name": "/dev/cms-vehicle-simulator-on-aws-stack-dev/solution/id",
        "Type": "String",
        "Value": "SO0041"
      },
      "Type": "AWS::SSM::Parameter"
    },
    "lambdadependencylayerarn52950790": {
      "Properties": {
        "Description": "Arn for general dependency layer",
        "Name": "/dev/cms-vehicle-simulator-on-aws-stack-dev/arns/dependency-layer-arn",
        "Type": "String",
        "Value": {
          "Ref": "Nonedev3B70F696"
        }
      },
      "Type": "AWS::SSM::Parameter"
    },
    "storagessmdevicestypestablearn8F823FC6": {
      "Properties": {
        "Description": "Devices table arn",
        "Name": "/dev/cms-vehicle-simulator-on-aws-stack-dev/dynamodb/devices-types-table-arn",
        "Type": "String",
        "Value": {
          "Fn::GetAtt": [
            "storagevsdevicetypestable979A9A7F",
            "Arn"
          ]
        }
      },
      "Type": "AWS::SSM::Parameter"
    },
    "storagessmdevicestypestablenameEBACE554": {
      "Properties": {
        "Description": "Devices table name",
        "Name": "/dev/cms-vehicle-simulator-on-aws-stack-dev/dynamodb/devices-types-table-name",
        "Type": "String",
        "Value": {
          "Ref": "storagevsdevicetypestable979A9A7F"
        }
      },
      "Type": "AWS::SSM::Parameter"
    },
    "storagessmsimulationstablearn5528996A": {
      "Properties": {
        "Description": "Simulations table arn",
        "Name": "/dev/cms-vehicle-simulator-on-aws-stack-dev/dynamodb/simulations-table-arn",
        "Type": "String",
        "Value": {
          "Fn::GetAtt": [
            "storagevssimulationstable87A84C10",
            "Arn"
          ]
        }
      },
      "Type": "AWS::SSM::Parameter"
    },
    "storagessmsimulationstablename3A1006FE": {
      "Properties": {
        "Description": "Simulations table name",
        "Name": "/dev/cms-vehicle-simulator-on-aws-stack-dev/dynamodb/simulations-table-name",
        "Type": "String",
        "Value": {
          "Ref": "storagevssimulationstable87A84C10"
        }
      },
      "Type": "AWS::SSM::Parameter"
    },
    "storagessmtemplatestablearn9980E288": {
      "Properties": {
        "Description": "Templates table arn",
        "Name": "/dev/cms-vehicle-simulator-on-aws-stack-dev/dynamodb/templates-table-arn",
        "Type": "String",
        "Value": {
          "Fn::GetAtt": [
            "storagevstemplatestableD472B9FC",
            "Arn"
          ]
        }
      },
      "Type": "AWS::SSM::Parameter"
    },
    "storagessmtemplatestablenameCB71AD69": {
      "Properties": {
        "Description": "Templates table name",
        "Name": "/dev/cms-vehicle-simulator-on-aws-stack-dev/dynamodb/templates-table-name",
        "Type": "String",
        "Value": {
          "Ref": "storagevstemplatestableD472B9FC"
        }
      },
      "Type": "AWS::SSM::Parameter"
    },
    "storagevsdevicetypestable979A9A7F": {
      "DeletionPolicy": "Retain",
      "Properties": {
        "AttributeDefinitions": [
          {
            "AttributeName": "type_id",
            "AttributeType": "S"
          }
        ],
        "BillingMode": "PAY_PER_REQUEST",
        "KeySchema": [
          {
            "AttributeName": "type_id",
            "KeyType": "HASH"
          }
        ],
        "PointInTimeRecoverySpecification": {
          "PointInTimeRecoveryEnabled": true
        },
        "SSESpecification": {
          "SSEEnabled": true
        }
      },
      "Type": "AWS::DynamoDB::Table",
      "UpdateReplacePolicy": "Retain"
    },
    "storagevssimulationstable87A84C10": {
      "DeletionPolicy": "Retain",
      "Properties": {
        "AttributeDefinitions": [
          {
            "AttributeName": "sim_id",
            "AttributeType": "S"
          }
        ],
        "BillingMode": "PAY_PER_REQUEST",
        "KeySchema": [
          {
            "AttributeName": "sim_id",
            "KeyType": "HASH"
          }
        ],
        "PointInTimeRecoverySpecification": {
          "PointInTimeRecoveryEnabled": true
        },
        "SSESpecification": {
          "SSEEnabled": true
        }
      },
      "Type": "AWS::DynamoDB::Table",
      "UpdateReplacePolicy": "Retain"
    },
    "storagevstemplatestableD472B9FC": {
      "DeletionPolicy": "Retain",
      "Properties": {
        "AttributeDefinitions": [
          {
            "AttributeName": "template_id",
            "AttributeType": "S"
          }
        ],
        "BillingMode": "PAY_PER_REQUEST",
        "KeySchema": [
          {
            "AttributeName": "template_id",
            "KeyType": "HASH"
          }
        ],
        "PointInTimeRecoverySpecification": {
          "PointInTimeRecoveryEnabled": true
        },
        "SSESpecification": {
          "SSEEnabled": true
        }
      },
      "Type": "AWS::DynamoDB::Table",
      "UpdateReplacePolicy": "Retain"
    }
  }
}
