{
  "Outputs": {
    "Exportcmsvehiclesimulatoronawsstackdevhelperfunctionarn": {
      "Export": {
        "Name": "cms-vehicle-simulator-on-aws-stack-dev-helper-function-arn"
      },
      "Value": {
        "Fn::GetAtt": [
          "customresourcesconstructhelperlambdaEC88CCCC",
          "Arn"
        ]
      }
    },
    "Exportcmsvehiclesimulatoronawsstackdevhelperfunctionrolearn": {
      "Export": {
        "Name": "cms-vehicle-simulator-on-aws-stack-dev-helper-function-role-arn"
      },
      "Value": {
        "Fn::GetAtt": [
          "customresourcesconstructhelperlambdaroleDE8B452B",
          "Arn"
        ]
      }
    },
    "Exportcmsvehiclesimulatoronawsstackdevreducedstackname": {
      "Export": {
        "Name": "cms-vehicle-simulator-on-aws-stack-dev-reduced-stack-name"
      },
      "Value": {
        "Fn::GetAtt": [
          "customresourcesconstructconsoleuuidcustomresource57D57FAA",
          "REDUCED_STACK_NAME"
        ]
      }
    },
    "Exportcmsvehiclesimulatoronawsstackdevthinggroupname": {
      "Export": {
        "Name": "cms-vehicle-simulator-on-aws-stack-dev-thing-group-name"
      },
      "Value": {
        "Fn::GetAtt": [
          "customresourcesconstructsimulatorthinggroup7CD49A42",
          "THING_GROUP_NAME"
        ]
      }
    },
    "Exportcmsvehiclesimulatoronawsstackdevuniquesuffix": {
      "Export": {
        "Name": "cms-vehicle-simulator-on-aws-stack-dev-unique-suffix"
      },
      "Value": {
        "Fn::GetAtt": [
          "customresourcesconstructconsoleuuidcustomresource57D57FAA",
          "UNIQUE_SUFFIX"
        ]
      }
    },
    "Exportcmsvehiclesimulatoronawsstackdevuuid": {
      "Export": {
        "Name": "cms-vehicle-simulator-on-aws-stack-dev-uuid"
      },
      "Value": {
        "Fn::GetAtt": [
          "customresourcesconstructconsoleuuidcustomresource57D57FAA",
          "UUID"
        ]
      }
    }
  },
  "Parameters": {
    "customresourcesconstructssmdependencylayerarnParameter6BA4D3B3": {
      "Default": "/dev/cms-vehicle-simulator-on-aws-stack-dev/arns/dependency-layer-arn",
      "Type": "AWS::SSM::Parameter::Value<String>"
    },
    "customresourcesconstructssmtemplatestablearnParameterC63FBA6A": {
      "Default": "/dev/cms-vehicle-simulator-on-aws-stack-dev/dynamodb/templates-table-arn",
      "Type": "AWS::SSM::Parameter::Value<String>"
    }
  },
  "Resources": {
    "LogRetentionaae0aa3c5b4d4f87b02d85b201efdd8aFD4BFC8A": {
      "DependsOn": [
        "LogRetentionaae0aa3c5b4d4f87b02d85b201efdd8aServiceRoleDefaultPolicyADDA7DEB",
        "LogRetentionaae0aa3c5b4d4f87b02d85b201efdd8aServiceRole9741ECFB"
      ],
      "Properties": {
        "Code": {
          "S3Bucket": {
            "Fn::Sub": "cdk-hnb659fds-assets-${AWS::AccountId}-${AWS::Region}"
          },
          "S3Key": "str"
        },
        "Handler": "index.handler",
        "Role": {
          "Fn::GetAtt": [
            "LogRetentionaae0aa3c5b4d4f87b02d85b201efdd8aServiceRole9741ECFB",
            "Arn"
          ]
        },
        "Runtime": "nodejs18.x",
        "Timeout": 900
      },
      "Type": "AWS::Lambda::Function"
    },
    "LogRetentionaae0aa3c5b4d4f87b02d85b201efdd8aServiceRole9741ECFB": {
      "Properties": {
        "AssumeRolePolicyDocument": {
          "Statement": [
            {
              "Action": "sts:AssumeRole",
              "Effect": "Allow",
              "Principal": {
                "Service": "lambda.amazonaws.com"
              }
            }
          ],
          "Version": "2012-10-17"
        },
        "ManagedPolicyArns": [
          {
            "Fn::Join": [
              "",
              [
                "arn:",
                {
                  "Ref": "AWS::Partition"
                },
                ":iam::aws:policy/service-role/AWSLambdaBasicExecutionRole"
              ]
            ]
          }
        ]
      },
      "Type": "AWS::IAM::Role"
    },
    "LogRetentionaae0aa3c5b4d4f87b02d85b201efdd8aServiceRoleDefaultPolicyADDA7DEB": {
      "Properties": {
        "PolicyDocument": {
          "Statement": [
            {
              "Action": [
                "logs:PutRetentionPolicy",
                "logs:DeleteRetentionPolicy"
              ],
              "Effect": "Allow",
              "Resource": "*"
            }
          ],
          "Version": "2012-10-17"
        },
        "PolicyName": "LogRetentionaae0aa3c5b4d4f87b02d85b201efdd8aServiceRoleDefaultPolicyADDA7DEB",
        "Roles": [
          {
            "Ref": "LogRetentionaae0aa3c5b4d4f87b02d85b201efdd8aServiceRole9741ECFB"
          }
        ]
      },
      "Type": "AWS::IAM::Policy"
    },
    "customresourcesconstructconsolecognitouser57D10D90": {
      "DeletionPolicy": "Delete",
      "Properties": {
        "DesiredDeliveryMediums": [
          "EMAIL"
        ],
        "ForceAliasCreation": "true",
        "Resource": "CreateUserpoolUser",
        "ServiceToken": {
          "Fn::GetAtt": [
            "customresourcesconstructhelperlambdaEC88CCCC",
            "Arn"
          ]
        },
        "UserAttributes": [
          {
            "Name": "email",
            "Value": {
              "Fn::ImportValue": "cms-vehicle-simulator-on-aws-stack-dev-admin-email"
            }
          },
          {
            "Name": "email_verified",
            "Value": true
          }
        ],
        "Username": {
          "Fn::ImportValue": "cms-vehicle-simulator-on-aws-stack-dev-admin-email"
        },
        "UserpoolId": {
          "Fn::ImportValue": "cms-vehicle-simulator-on-aws-stack-dev-user-pool-id"
        }
      },
      "Type": "Custom::CreateUserpoolUser",
      "UpdateReplacePolicy": "Delete"
    },
    "customresourcesconstructconsoleuuidcustomresource57D57FAA": {
      "DeletionPolicy": "Delete",
      "Properties": {
        "Resource": "CreateUUID",
        "ServiceToken": {
          "Fn::GetAtt": [
            "customresourcesconstructhelperlambdaEC88CCCC",
            "Arn"
          ]
        },
        "StackName": {
          "Ref": "AWS::StackName"
        }
      },
      "Type": "AWS::CloudFormation::CustomResource",
      "UpdateReplacePolicy": "Delete"
    },
    "customresourcesconstructhelperlambdaEC88CCCC": {
      "DependsOn": [
        "customresourcesconstructhelperlambdaroleDE8B452B"
      ],
      "Properties": {
        "Code": {
          "S3Bucket": {
            "Fn::Sub": "cdk-hnb659fds-assets-${AWS::AccountId}-${AWS::Region}"
          },
          "S3Key": "str"
        },
        "Description": "CMS Vehicle Simulator custom resource function",
        "Environment": {
          "Variables": {
            "SOLUTION_ID": "test",
            "SOLUTION_VERSION": "test",
            "USER_AGENT_STRING": "AWSSOLUTION/SO0241/v1.0.0 AWSSOLUTION-CAPABILITY/CMS.1/v1.0.0"
          }
        },
        "FunctionName": "cms-vehicle-simulator-on-aws-stack-dev-custom-resources-lambda",
        "Handler": "custom_resource.custom_resource.handler",
        "Layers": [
          {
            "Ref": "customresourcesconstructssmdependencylayerarnParameter6BA4D3B3"
          }
        ],
        "Role": {
          "Fn::GetAtt": [
            "customresourcesconstructhelperlambdaroleDE8B452B",
            "Arn"
          ]
        },
        "Runtime": "python3.10",
        "Timeout": 60
      },
      "Type": "AWS::Lambda::Function"
    },
    "customresourcesconstructhelperlambdaLogRetention0AA6B965": {
      "Properties": {
        "LogGroupName": {
          "Fn::Join": [
            "",
            [
              "/aws/lambda/",
              {
                "Ref": "customresourcesconstructhelperlambdaEC88CCCC"
              }
            ]
          ]
        },
        "RetentionInDays": 90,
        "ServiceToken": {
          "Fn::GetAtt": [
            "LogRetentionaae0aa3c5b4d4f87b02d85b201efdd8aFD4BFC8A",
            "Arn"
          ]
        }
      },
      "Type": "Custom::LogRetention"
    },
    "customresourcesconstructhelperlambdaloggroupC94F90EC": {
      "DeletionPolicy": "Retain",
      "Properties": {
        "KmsKeyId": {
          "Fn::GetAtt": [
            "customresourcesconstructvshelperlambdaloggroupkmskey894DC21F",
            "Arn"
          ]
        },
        "RetentionInDays": 90
      },
      "Type": "AWS::Logs::LogGroup",
      "UpdateReplacePolicy": "Retain"
    },
    "customresourcesconstructhelperlambdaroleDE8B452B": {
      "Properties": {
        "AssumeRolePolicyDocument": {
          "Statement": [
            {
              "Action": "sts:AssumeRole",
              "Effect": "Allow",
              "Principal": {
                "Service": "lambda.amazonaws.com"
              }
            }
          ],
          "Version": "2012-10-17"
        },
        "Path": "/",
        "Policies": [
          {
            "PolicyDocument": {
              "Statement": [
                {
                  "Action": "dynamodb:PutItem",
                  "Effect": "Allow",
                  "Resource": {
                    "Ref": "customresourcesconstructssmtemplatestablearnParameterC63FBA6A"
                  }
                }
              ],
              "Version": "2012-10-17"
            },
            "PolicyName": "lambda-dynamo-role"
          },
          {
            "PolicyDocument": {
              "Statement": [
                {
                  "Action": [
                    "s3:PutObject",
                    "s3:AbortMultipartUpload"
                  ],
                  "Effect": "Allow",
                  "Resource": [
                    {
                      "Fn::Join": [
                        "",
                        [
                          {
                            "Fn::ImportValue": "cms-vehicle-simulator-on-aws-stack-dev-console-bucket-arn"
                          },
                          "/*"
                        ]
                      ]
                    },
                    {
                      "Fn::Join": [
                        "",
                        [
                          {
                            "Fn::ImportValue": "cms-vehicle-simulator-on-aws-stack-dev-routes-bucket-arn"
                          },
                          "/*"
                        ]
                      ]
                    }
                  ]
                }
              ],
              "Version": "2012-10-17"
            },
            "PolicyName": "lambda-s3-role"
          },
          {
            "PolicyDocument": {
              "Statement": [
                {
                  "Action": "cognito-idp:AdminCreateUser",
                  "Effect": "Allow",
                  "Resource": {
                    "Fn::ImportValue": "cms-vehicle-simulator-on-aws-stack-dev-user-pool-arn"
                  }
                }
              ],
              "Version": "2012-10-17"
            },
            "PolicyName": "lambda-cognito-role"
          },
          {
            "PolicyDocument": {
              "Statement": [
                {
                  "Action": [
                    "iot:DescribeEndpoint",
                    "iot:CreateThingGroup",
                    "iot:TagResource",
                    "iot:DetachPrincipalPolicy"
                  ],
                  "Effect": "Allow",
                  "Resource": "*"
                },
                {
                  "Action": "iot:ListTargetsForPolicy",
                  "Effect": "Allow",
                  "Resource": {
                    "Fn::Join": [
                      "",
                      [
                        "arn:",
                        {
                          "Ref": "AWS::Partition"
                        },
                        ":iot:",
                        {
                          "Ref": "AWS::Region"
                        },
                        ":",
                        {
                          "Ref": "AWS::AccountId"
                        },
                        ":policy/*"
                      ]
                    ]
                  }
                }
              ],
              "Version": "2012-10-17"
            },
            "PolicyName": "lambda-iot-role"
          },
          {
            "PolicyDocument": {
              "Statement": [
                {
                  "Action": [
                    "logs:CreateLogGroup",
                    "logs:CreateLogStream",
                    "logs:PutLogEvents"
                  ],
                  "Effect": "Allow",
                  "Resource": [
                    {
                      "Fn::Join": [
                        "",
                        [
                          "arn:",
                          {
                            "Ref": "AWS::Partition"
                          },
                          ":logs:",
                          {
                            "Ref": "AWS::Region"
                          },
                          ":",
                          {
                            "Ref": "AWS::AccountId"
                          },
                          ":log-group:/aws/lambda/cms-vehicle-simulator-on-aws-stack-dev-custom-resources-lambda"
                        ]
                      ]
                    },
                    {
                      "Fn::Join": [
                        "",
                        [
                          "arn:",
                          {
                            "Ref": "AWS::Partition"
                          },
                          ":logs:",
                          {
                            "Ref": "AWS::Region"
                          },
                          ":",
                          {
                            "Ref": "AWS::AccountId"
                          },
                          ":log-group:/aws/lambda/cms-vehicle-simulator-on-aws-stack-dev-custom-resources-lambda:log-stream:*"
                        ]
                      ]
                    }
                  ]
                }
              ],
              "Version": "2012-10-17"
            },
            "PolicyName": "lambda-cloudwatch-logs-role"
          }
        ]
      },
      "Type": "AWS::IAM::Role"
    },
    "customresourcesconstructsimulatorthinggroup7CD49A42": {
      "DeletionPolicy": "Delete",
      "Properties": {
        "Resource": "CreateIoTThingGroup",
        "ServiceToken": {
          "Fn::GetAtt": [
            "customresourcesconstructhelperlambdaEC88CCCC",
            "Arn"
          ]
        },
        "ThingGroupName": "cms-simulated-vehicle"
      },
      "Type": "Custom::CreateIoTThingGroup",
      "UpdateReplacePolicy": "Delete"
    },
    "customresourcesconstructvshelperlambdaloggroupkmskey894DC21F": {
      "DeletionPolicy": "Retain",
      "Properties": {
        "EnableKeyRotation": true,
        "KeyPolicy": {
          "Statement": [
            {
              "Action": "kms:*",
              "Effect": "Allow",
              "Principal": {
                "AWS": {
                  "Fn::Join": [
                    "",
                    [
                      "arn:",
                      {
                        "Ref": "AWS::Partition"
                      },
                      ":iam::",
                      {
                        "Ref": "AWS::AccountId"
                      },
                      ":root"
                    ]
                  ]
                }
              },
              "Resource": "*"
            },
            {
              "Action": [
                "kms:Encrypt",
                "kms:Decrypt",
                "kms:GenerateDataKey"
              ],
              "Effect": "Allow",
              "Principal": {
                "Service": {
                  "Fn::Join": [
                    "",
                    [
                      "logs.",
                      {
                        "Ref": "AWS::Region"
                      },
                      ".amazonaws.com"
                    ]
                  ]
                }
              },
              "Resource": "*"
            }
          ],
          "Version": "2012-10-17"
        }
      },
      "Type": "AWS::KMS::Key",
      "UpdateReplacePolicy": "Retain"
    },
    "customresourcesconstructvshelperlambdaloggroupkmskeyAlias4845BC03": {
      "Properties": {
        "AliasName": "alias/vs-helper-lambda-log-group-kms-key",
        "TargetKeyId": {
          "Fn::GetAtt": [
            "customresourcesconstructvshelperlambdaloggroupkmskey894DC21F",
            "Arn"
          ]
        }
      },
      "Type": "AWS::KMS::Alias"
    }
  }
}
